# --------------------------------------------------- // System
blueman                                                # bluetooth manager gui
brightnessctl                                          # screen brightness control
udiskie                                                # manage removable media

# --------------------------------------------------- // Display Manager
sddm                                                   # display manager for KDE plasma
qt5-quickcontrols                                      # for sddm theme ui elements
qt5-quickcontrols2                                     # for sddm theme ui elements
qt5-graphicaleffects                                   # for sddm theme effects

# --------------------------------------------------- // Window Manager
hyprland                                               # wlroots-based wayland compositor
dunst                                                  # notification daemon
rofi-lbonn-wayland                                     # application launcher
waybar                                                 # system bar
swww                                                   # wallpaper
swaylock-effects                                       # lock screen
wlogout                                                # logout menu
grimblast-git                                          # screenshot tool
slurp                                                  # region select for screenshot/screenshare
swappy                                                 # screenshot editor
cliphist                                               # clipboard manager

# --------------------------------------------------- // Dependencies
polkit-gnome                                           # authentication agent
xdg-desktop-portal-hyprland                            # xdg desktop portal for hyprland
python-pyamdgpuinfo                                    # for amd gpu info
parallel                                               # for parallel processing
jq                                                     # for json processing
imagemagick                                            # for image processing
qt5-imageformats                                       # for dolphin image thumbnails
ffmpegthumbs                                           # for dolphin video thumbnails
kde-cli-tools                                          # for dolphin file type defaults
kservice5                                              # for "open with" menu in dolphin
libnotify                                              # for notifications

# --------------------------------------------------- // Theming
nwg-look-bin                                           # gtk configuration tool
qt5ct                                                  # qt5 configuration tool
qt6ct                                                  # qt6 configuration tool
kvantum                                                # svg based qt6 theme engine
kvantum-qt5                                            # svg based qt5 theme engine
qt5-wayland                                            # wayland support in qt5
qt6-wayland                                            # wayland support in qt6

# --------------------------------------------------- // Applications
firefox                                                # browser
kitty                                                  # terminal
dolphin                                                # kde file manager
ark                                                    # kde file archiver
visual-studio-code-bin

#╒═══════════════════════════════════════════════════════════╕
#│                                                           │
#│                    Gl00ria's Remix                        │
#│                                                           │
#╘═══════════════════════════════════════════════════════════╛
# --------------------------------------------------- // Intel
# implementation for "OpenGL"
mesa
mesa-utils
# more control over the GPU + better performance for some games
vulkan-intel
vulkan-headers
vulkan-tools
vulkan-icd-loader

# --------------------------------------------------- // Nvidia
optimus-manager
optimus-manager-qt
# optimus-manager-qt-kde # install manully, otherwise would fail

# --------------------------------------------------- // Security
ufw                                     # ufw (Uncompleted Firewall) pkg
apparmor          # LSM (Linux Security Module), by providing MAC (Mandatory Access Control)
audit                                   # apparmor req
# get desktop notifications on denied actions (for apparmor)
python-notify2
python-psutil

# --------------------------------------------------- // Power Management
tlp
auto-cpufreq
powertop

# --------------------------------------------------- // Backup Utils
timeshift
grub-btrfs
# --------------------------------------------------- // Shells
zsh
eza|zsh                                  # file lister for zsh
oh-my-zsh-git|zsh                        # plugin manager for zsh
zsh-autosuggestions|zsh
zsh-fast-syntax-highlighting|zsh
starship|zsh                             # customizable shell prompt
fastfetch                                # system information fetch tool

# --------------------------------------------------- // Pkg management
reflector                                # find pacman's fastest merrors --> alias == True
pacman-contrib                           # for system update check
pkgfile                                  # pacman (.files) metadat explorer
rebuild-detector                         # detects which pkg need to be rebuilt
python-packaging                         # utils for python-packaging

# --------------------------------------------------- // Networking
ntp                                      # Network Time Protocol
dnsmasq                                  # DNS forwarder & DHCP server
dhclient                                 # DHCP client
ethtool                                  # util to control netwrok drivers & hardware
modemmanager                             # mobile broadband modem management service
networkmanager                           # network manager
network-manager-applet                   # network manager system tray utility
nss-mdns                                 # host-name resolution via (mDNS)
net-tools                                # host-name resolution via (mDNS)
openssh                                  # come on :)
b43-fwcutter                             # firmware extractor for (b43) kernel module
iwd                                      # internet wireless daemon
wpa_supplicant                           # util for WPA wirless network
openvpn                                  # VPN
networkmanager-openvpn                   # OpenVPN plugin for 'networkmanager'

# --------------------------------------------------- // File System Support
ntfs-3g                                  # NTFS filesystem driver and utilities
nfs-utils                                # Network fs
mtools                                   # access (MS-DOS) disks
efitools                                 # UEFI secure boot platforms

# --------------------------------------------------- // Audio
pavucontrol                              # pulseaudio volume control
pamixer                                  # pulseaudio cli mixer
pipewire                                 # audio/video server
wireplumber                              # pipewire session manager
pipewire-alsa                            # pipewire alsa client
pipewire-audio                           # pipewire audio client
pipewire-jack                            # pipewire jack client
pipewire-pulse                           # pipewire pulseaudio client
gst-plugin-pipewire                      # pipewire gstreamer client

# --------------------------------------------------- // bluetooth
bluez                                    # bluetooth protocol stack
bluez-utils                              # bluetooth utility cli

# --------------------------------------------------- // Archive utils
p7zip
unrar
unzip

# --------------------------------------------------- // System Info
nvtop                                    # AMD, NVIDIA & INTEL) process monitor
ncdu                                     # disk usage analyzer
btop                                     # (CPU, memory, disks, netword & processes) monitor config == True

# --------------------------------------------------- // Git
git
lazygit|git                              # awesome TUI for git, config == True
git-delta|git                            # syntax-highlihgting pager

# --------------------------------------------------- // Editors
vim                                      # come on :)
neovim                                   # come on :)
clang|neovim                             # required for treesitter parsers
python-pynvim|neovim                     # neovim python's support
neovide|neovim                           # C00L GUI for neovim
zathura                                  # terminal pdf reader
zathura-pdf-poppler|zathura

# --------------------------------------------------- // Fonts
adobe-source-code-pro-fonts
freetype2                                # font reserization lib
gsfonts                                  # base 32 font set
ttf-liberation                           # Arial, Times New Roman etc..
ttf-opensans                             # Sans-serif
ttf-victor-mono-nerd|waybar dunst kitty  # used with (waybar, dunst, neovide, kitty)
ttf-material-design-icons-git|hyprland
ttf-maple|visual-studio-code-bin
noto-fonts
noto-fonts-cjk
noto-fonts-emoji
noto-fonts-extra
xorg-fonts-encodings
